2020-12-03 15:43:55 DEBUG RequestAddCookies:123 - CookieSpec selected: default
2020-12-03 15:43:55 DEBUG RequestAuthCache:77 - Auth cache not set in the context
2020-12-03 15:43:55 DEBUG PoolingHttpClientConnectionManager:267 - Connection request: [route: {}->http://dysmsapi.aliyuncs.com:80][total available: 0; route allocated: 0 of 5; total allocated: 0 of 64]
2020-12-03 15:43:55 DEBUG PoolingHttpClientConnectionManager:312 - Connection leased: [id: 0][route: {}->http://dysmsapi.aliyuncs.com:80][total available: 0; route allocated: 1 of 5; total allocated: 1 of 64]
2020-12-03 15:43:55 DEBUG MainClientExec:234 - Opening connection {}->http://dysmsapi.aliyuncs.com:80
2020-12-03 15:43:55 DEBUG DefaultHttpClientConnectionOperator:139 - Connecting to dysmsapi.aliyuncs.com/106.11.211.236:80
2020-12-03 15:43:55 DEBUG DefaultHttpClientConnectionOperator:146 - Connection established 192.168.0.102:56627<->106.11.211.236:80
2020-12-03 15:43:55 DEBUG DefaultManagedHttpClientConnection:88 - http-outgoing-0: set socket timeout to 10000
2020-12-03 15:43:55 DEBUG MainClientExec:255 - Executing request POST /?PhoneNumbers=13347348678&Action=SendSms&Timestamp=2020-12-03T07%3A43%3A55Z&SignName=%E9%8E%B4%E6%88%A0%E6%AE%91%E9%96%AB%E6%B0%AC%E2%96%89%E5%A8%93%E6%96%BF%E5%8F%BF%E9%8D%A6%E3%84%A7%E5%9A%8E%E7%BC%83%E6%88%A0%E7%8F%AF&TemplateCode=SMS_204287611&SignatureVersion=1.0&Format=JSON&SignatureNonce=846f2c2e-e69c-4513-af70-3c2d09f71d7416069814356511&Version=2017-05-25&AccessKeyId=LTAI4GA76zMtgTRZWaExJTda&Signature=z10p7lOFPcv8wv7IoZ9OTsx0aos%3D&SignatureMethod=HMAC-SHA1&TemplateParam=%7B%22code%22%3A%2211111%22%7D&RegionId=default HTTP/1.1
2020-12-03 15:43:55 DEBUG MainClientExec:260 - Target auth state: UNCHALLENGED
2020-12-03 15:43:55 DEBUG MainClientExec:266 - Proxy auth state: UNCHALLENGED
2020-12-03 15:43:55 DEBUG headers:133 - http-outgoing-0 >> POST /?PhoneNumbers=13347348678&Action=SendSms&Timestamp=2020-12-03T07%3A43%3A55Z&SignName=%E9%8E%B4%E6%88%A0%E6%AE%91%E9%96%AB%E6%B0%AC%E2%96%89%E5%A8%93%E6%96%BF%E5%8F%BF%E9%8D%A6%E3%84%A7%E5%9A%8E%E7%BC%83%E6%88%A0%E7%8F%AF&TemplateCode=SMS_204287611&SignatureVersion=1.0&Format=JSON&SignatureNonce=846f2c2e-e69c-4513-af70-3c2d09f71d7416069814356511&Version=2017-05-25&AccessKeyId=LTAI4GA76zMtgTRZWaExJTda&Signature=z10p7lOFPcv8wv7IoZ9OTsx0aos%3D&SignatureMethod=HMAC-SHA1&TemplateParam=%7B%22code%22%3A%2211111%22%7D&RegionId=default HTTP/1.1
2020-12-03 15:43:55 DEBUG headers:136 - http-outgoing-0 >> Accept-Encoding: identity
2020-12-03 15:43:55 DEBUG headers:136 - http-outgoing-0 >> x-sdk-invoke-type: common
2020-12-03 15:43:55 DEBUG headers:136 - http-outgoing-0 >> Accept: application/json
2020-12-03 15:43:55 DEBUG headers:136 - http-outgoing-0 >> x-sdk-client: Java/2.0.0
2020-12-03 15:43:55 DEBUG headers:136 - http-outgoing-0 >> User-Agent: AlibabaCloud (Windows 10; amd64) Java/1.8.0_151-b12 Core/4.5.3 HTTPClient/ApacheHttpClient
2020-12-03 15:43:55 DEBUG headers:136 - http-outgoing-0 >> Content-Type: application/x-www-form-urlencoded
2020-12-03 15:43:55 DEBUG headers:136 - http-outgoing-0 >> Host: dysmsapi.aliyuncs.com
2020-12-03 15:43:55 DEBUG headers:136 - http-outgoing-0 >> Connection: Keep-Alive
2020-12-03 15:43:55 DEBUG wire:73 - http-outgoing-0 >> "POST /?PhoneNumbers=13347348678&Action=SendSms&Timestamp=2020-12-03T07%3A43%3A55Z&SignName=%E9%8E%B4%E6%88%A0%E6%AE%91%E9%96%AB%E6%B0%AC%E2%96%89%E5%A8%93%E6%96%BF%E5%8F%BF%E9%8D%A6%E3%84%A7%E5%9A%8E%E7%BC%83%E6%88%A0%E7%8F%AF&TemplateCode=SMS_204287611&SignatureVersion=1.0&Format=JSON&SignatureNonce=846f2c2e-e69c-4513-af70-3c2d09f71d7416069814356511&Version=2017-05-25&AccessKeyId=LTAI4GA76zMtgTRZWaExJTda&Signature=z10p7lOFPcv8wv7IoZ9OTsx0aos%3D&SignatureMethod=HMAC-SHA1&TemplateParam=%7B%22code%22%3A%2211111%22%7D&RegionId=default HTTP/1.1[\r][\n]"
2020-12-03 15:43:55 DEBUG wire:73 - http-outgoing-0 >> "Accept-Encoding: identity[\r][\n]"
2020-12-03 15:43:55 DEBUG wire:73 - http-outgoing-0 >> "x-sdk-invoke-type: common[\r][\n]"
2020-12-03 15:43:55 DEBUG wire:73 - http-outgoing-0 >> "Accept: application/json[\r][\n]"
2020-12-03 15:43:55 DEBUG wire:73 - http-outgoing-0 >> "x-sdk-client: Java/2.0.0[\r][\n]"
2020-12-03 15:43:55 DEBUG wire:73 - http-outgoing-0 >> "User-Agent: AlibabaCloud (Windows 10; amd64) Java/1.8.0_151-b12 Core/4.5.3 HTTPClient/ApacheHttpClient[\r][\n]"
2020-12-03 15:43:55 DEBUG wire:73 - http-outgoing-0 >> "Content-Type: application/x-www-form-urlencoded[\r][\n]"
2020-12-03 15:43:55 DEBUG wire:73 - http-outgoing-0 >> "Host: dysmsapi.aliyuncs.com[\r][\n]"
2020-12-03 15:43:55 DEBUG wire:73 - http-outgoing-0 >> "Connection: Keep-Alive[\r][\n]"
2020-12-03 15:43:55 DEBUG wire:73 - http-outgoing-0 >> "[\r][\n]"
2020-12-03 15:43:55 DEBUG wire:73 - http-outgoing-0 << "HTTP/1.1 200 OK[\r][\n]"
2020-12-03 15:43:55 DEBUG wire:73 - http-outgoing-0 << "Date: Thu, 03 Dec 2020 07:43:54 GMT[\r][\n]"
2020-12-03 15:43:55 DEBUG wire:73 - http-outgoing-0 << "Content-Type: application/json;charset=utf-8[\r][\n]"
2020-12-03 15:43:55 DEBUG wire:73 - http-outgoing-0 << "Connection: keep-alive[\r][\n]"
2020-12-03 15:43:55 DEBUG wire:73 - http-outgoing-0 << "Access-Control-Allow-Origin: *[\r][\n]"
2020-12-03 15:43:55 DEBUG wire:73 - http-outgoing-0 << "Access-Control-Allow-Methods: POST, GET, OPTIONS[\r][\n]"
2020-12-03 15:43:55 DEBUG wire:73 - http-outgoing-0 << "Access-Control-Allow-Headers: X-Requested-With, X-Sequence, _aop_secret, _aop_signature[\r][\n]"
2020-12-03 15:43:55 DEBUG wire:73 - http-outgoing-0 << "Access-Control-Max-Age: 172800[\r][\n]"
2020-12-03 15:43:55 DEBUG wire:73 - http-outgoing-0 << "x-acs-request-id: 48F29FDB-6F00-4E3D-B014-351D9433DC58[\r][\n]"
2020-12-03 15:43:55 DEBUG wire:73 - http-outgoing-0 << "Content-Length: 138[\r][\n]"
2020-12-03 15:43:55 DEBUG wire:73 - http-outgoing-0 << "[\r][\n]"
2020-12-03 15:43:55 DEBUG wire:87 - http-outgoing-0 << "{"RequestId":"48F29FDB-6F00-4E3D-B014-351D9433DC58","Message":"[0xe7][0xad][0xbe][0xe5][0x90][0x8d][0xe4][0xb8][0x8d][0xe5][0x90][0x88][0xe6][0xb3][0x95]([0xe4][0xb8][0x8d][0xe5][0xad][0x98][0xe5][0x9c][0xa8][0xe6][0x88][0x96][0xe8][0xa2][0xab][0xe6][0x8b][0x89][0xe9][0xbb][0x91])","Code":"isv.SMS_SIGNATURE_ILLEGAL"}"
2020-12-03 15:43:55 DEBUG headers:122 - http-outgoing-0 << HTTP/1.1 200 OK
2020-12-03 15:43:55 DEBUG headers:125 - http-outgoing-0 << Date: Thu, 03 Dec 2020 07:43:54 GMT
2020-12-03 15:43:55 DEBUG headers:125 - http-outgoing-0 << Content-Type: application/json;charset=utf-8
2020-12-03 15:43:55 DEBUG headers:125 - http-outgoing-0 << Connection: keep-alive
2020-12-03 15:43:55 DEBUG headers:125 - http-outgoing-0 << Access-Control-Allow-Origin: *
2020-12-03 15:43:55 DEBUG headers:125 - http-outgoing-0 << Access-Control-Allow-Methods: POST, GET, OPTIONS
2020-12-03 15:43:55 DEBUG headers:125 - http-outgoing-0 << Access-Control-Allow-Headers: X-Requested-With, X-Sequence, _aop_secret, _aop_signature
2020-12-03 15:43:55 DEBUG headers:125 - http-outgoing-0 << Access-Control-Max-Age: 172800
2020-12-03 15:43:55 DEBUG headers:125 - http-outgoing-0 << x-acs-request-id: 48F29FDB-6F00-4E3D-B014-351D9433DC58
2020-12-03 15:43:55 DEBUG headers:125 - http-outgoing-0 << Content-Length: 138
2020-12-03 15:43:55 DEBUG MainClientExec:285 - Connection can be kept alive for 5000 MILLISECONDS
2020-12-03 15:43:55 DEBUG PoolingHttpClientConnectionManager:344 - Connection [id: 0][route: {}->http://dysmsapi.aliyuncs.com:80] can be kept alive for 5.0 seconds
2020-12-03 15:43:55 DEBUG DefaultManagedHttpClientConnection:88 - http-outgoing-0: set socket timeout to 0
2020-12-03 15:43:55 DEBUG PoolingHttpClientConnectionManager:351 - Connection released: [id: 0][route: {}->http://dysmsapi.aliyuncs.com:80][total available: 1; route allocated: 1 of 5; total allocated: 1 of 64]
2020-12-03 15:47:08 DEBUG RequestAddCookies:123 - CookieSpec selected: default
2020-12-03 15:47:08 DEBUG RequestAuthCache:77 - Auth cache not set in the context
2020-12-03 15:47:08 DEBUG PoolingHttpClientConnectionManager:267 - Connection request: [route: {}->http://dysmsapi.aliyuncs.com:80][total available: 0; route allocated: 0 of 5; total allocated: 0 of 64]
2020-12-03 15:47:08 DEBUG PoolingHttpClientConnectionManager:312 - Connection leased: [id: 0][route: {}->http://dysmsapi.aliyuncs.com:80][total available: 0; route allocated: 1 of 5; total allocated: 1 of 64]
2020-12-03 15:47:08 DEBUG MainClientExec:234 - Opening connection {}->http://dysmsapi.aliyuncs.com:80
2020-12-03 15:47:08 DEBUG DefaultHttpClientConnectionOperator:139 - Connecting to dysmsapi.aliyuncs.com/106.11.211.236:80
2020-12-03 15:47:08 DEBUG DefaultHttpClientConnectionOperator:146 - Connection established 192.168.0.102:56912<->106.11.211.236:80
2020-12-03 15:47:08 DEBUG DefaultManagedHttpClientConnection:88 - http-outgoing-0: set socket timeout to 10000
2020-12-03 15:47:08 DEBUG MainClientExec:255 - Executing request POST /?PhoneNumbers=13347348678&Action=SendSms&Timestamp=2020-12-03T07%3A47%3A08Z&SignName=%E9%8E%B4%E6%88%A0%E6%AE%91%E9%96%AB%E6%B0%AC%E2%96%89%E5%A8%93%E6%96%BF%E5%8F%BF%E9%8D%A6%E3%84%A7%E5%9A%8E%E7%BC%83%E6%88%A0%E7%8F%AF&TemplateCode=SMS_204287611&SignatureVersion=1.0&Format=JSON&SignatureNonce=b78a1124-581a-41ee-b1eb-569e0fe3b8ad16069816281051&Version=2017-05-25&AccessKeyId=LTAI4GA76zMtgTRZWaExJTda&Signature=%2BmrY%2FmINNXmEsxQUE4CacG0o2wo%3D&SignatureMethod=HMAC-SHA1&TemplateParam=%7B%22code%22%3A%221111%22%7D&RegionId=default HTTP/1.1
2020-12-03 15:47:08 DEBUG MainClientExec:260 - Target auth state: UNCHALLENGED
2020-12-03 15:47:08 DEBUG MainClientExec:266 - Proxy auth state: UNCHALLENGED
2020-12-03 15:47:08 DEBUG headers:133 - http-outgoing-0 >> POST /?PhoneNumbers=13347348678&Action=SendSms&Timestamp=2020-12-03T07%3A47%3A08Z&SignName=%E9%8E%B4%E6%88%A0%E6%AE%91%E9%96%AB%E6%B0%AC%E2%96%89%E5%A8%93%E6%96%BF%E5%8F%BF%E9%8D%A6%E3%84%A7%E5%9A%8E%E7%BC%83%E6%88%A0%E7%8F%AF&TemplateCode=SMS_204287611&SignatureVersion=1.0&Format=JSON&SignatureNonce=b78a1124-581a-41ee-b1eb-569e0fe3b8ad16069816281051&Version=2017-05-25&AccessKeyId=LTAI4GA76zMtgTRZWaExJTda&Signature=%2BmrY%2FmINNXmEsxQUE4CacG0o2wo%3D&SignatureMethod=HMAC-SHA1&TemplateParam=%7B%22code%22%3A%221111%22%7D&RegionId=default HTTP/1.1
2020-12-03 15:47:08 DEBUG headers:136 - http-outgoing-0 >> Accept-Encoding: identity
2020-12-03 15:47:08 DEBUG headers:136 - http-outgoing-0 >> x-sdk-invoke-type: common
2020-12-03 15:47:08 DEBUG headers:136 - http-outgoing-0 >> Accept: application/json
2020-12-03 15:47:08 DEBUG headers:136 - http-outgoing-0 >> x-sdk-client: Java/2.0.0
2020-12-03 15:47:08 DEBUG headers:136 - http-outgoing-0 >> User-Agent: AlibabaCloud (Windows 10; amd64) Java/1.8.0_151-b12 Core/4.5.3 HTTPClient/ApacheHttpClient
2020-12-03 15:47:08 DEBUG headers:136 - http-outgoing-0 >> Content-Type: application/x-www-form-urlencoded
2020-12-03 15:47:08 DEBUG headers:136 - http-outgoing-0 >> Host: dysmsapi.aliyuncs.com
2020-12-03 15:47:08 DEBUG headers:136 - http-outgoing-0 >> Connection: Keep-Alive
2020-12-03 15:47:08 DEBUG wire:73 - http-outgoing-0 >> "POST /?PhoneNumbers=13347348678&Action=SendSms&Timestamp=2020-12-03T07%3A47%3A08Z&SignName=%E9%8E%B4%E6%88%A0%E6%AE%91%E9%96%AB%E6%B0%AC%E2%96%89%E5%A8%93%E6%96%BF%E5%8F%BF%E9%8D%A6%E3%84%A7%E5%9A%8E%E7%BC%83%E6%88%A0%E7%8F%AF&TemplateCode=SMS_204287611&SignatureVersion=1.0&Format=JSON&SignatureNonce=b78a1124-581a-41ee-b1eb-569e0fe3b8ad16069816281051&Version=2017-05-25&AccessKeyId=LTAI4GA76zMtgTRZWaExJTda&Signature=%2BmrY%2FmINNXmEsxQUE4CacG0o2wo%3D&SignatureMethod=HMAC-SHA1&TemplateParam=%7B%22code%22%3A%221111%22%7D&RegionId=default HTTP/1.1[\r][\n]"
2020-12-03 15:47:08 DEBUG wire:73 - http-outgoing-0 >> "Accept-Encoding: identity[\r][\n]"
2020-12-03 15:47:08 DEBUG wire:73 - http-outgoing-0 >> "x-sdk-invoke-type: common[\r][\n]"
2020-12-03 15:47:08 DEBUG wire:73 - http-outgoing-0 >> "Accept: application/json[\r][\n]"
2020-12-03 15:47:08 DEBUG wire:73 - http-outgoing-0 >> "x-sdk-client: Java/2.0.0[\r][\n]"
2020-12-03 15:47:08 DEBUG wire:73 - http-outgoing-0 >> "User-Agent: AlibabaCloud (Windows 10; amd64) Java/1.8.0_151-b12 Core/4.5.3 HTTPClient/ApacheHttpClient[\r][\n]"
2020-12-03 15:47:08 DEBUG wire:73 - http-outgoing-0 >> "Content-Type: application/x-www-form-urlencoded[\r][\n]"
2020-12-03 15:47:08 DEBUG wire:73 - http-outgoing-0 >> "Host: dysmsapi.aliyuncs.com[\r][\n]"
2020-12-03 15:47:08 DEBUG wire:73 - http-outgoing-0 >> "Connection: Keep-Alive[\r][\n]"
2020-12-03 15:47:08 DEBUG wire:73 - http-outgoing-0 >> "[\r][\n]"
2020-12-03 15:47:08 DEBUG wire:73 - http-outgoing-0 << "HTTP/1.1 200 OK[\r][\n]"
2020-12-03 15:47:08 DEBUG wire:73 - http-outgoing-0 << "Date: Thu, 03 Dec 2020 07:47:07 GMT[\r][\n]"
2020-12-03 15:47:08 DEBUG wire:73 - http-outgoing-0 << "Content-Type: application/json;charset=utf-8[\r][\n]"
2020-12-03 15:47:08 DEBUG wire:73 - http-outgoing-0 << "Connection: keep-alive[\r][\n]"
2020-12-03 15:47:08 DEBUG wire:73 - http-outgoing-0 << "Access-Control-Allow-Origin: *[\r][\n]"
2020-12-03 15:47:08 DEBUG wire:73 - http-outgoing-0 << "Access-Control-Allow-Methods: POST, GET, OPTIONS[\r][\n]"
2020-12-03 15:47:08 DEBUG wire:73 - http-outgoing-0 << "Access-Control-Allow-Headers: X-Requested-With, X-Sequence, _aop_secret, _aop_signature[\r][\n]"
2020-12-03 15:47:08 DEBUG wire:73 - http-outgoing-0 << "Access-Control-Max-Age: 172800[\r][\n]"
2020-12-03 15:47:08 DEBUG wire:73 - http-outgoing-0 << "x-acs-request-id: 142E8F86-8301-4375-A623-51447BF7A7F8[\r][\n]"
2020-12-03 15:47:08 DEBUG wire:73 - http-outgoing-0 << "Content-Length: 138[\r][\n]"
2020-12-03 15:47:08 DEBUG wire:73 - http-outgoing-0 << "[\r][\n]"
2020-12-03 15:47:08 DEBUG wire:87 - http-outgoing-0 << "{"RequestId":"142E8F86-8301-4375-A623-51447BF7A7F8","Message":"[0xe7][0xad][0xbe][0xe5][0x90][0x8d][0xe4][0xb8][0x8d][0xe5][0x90][0x88][0xe6][0xb3][0x95]([0xe4][0xb8][0x8d][0xe5][0xad][0x98][0xe5][0x9c][0xa8][0xe6][0x88][0x96][0xe8][0xa2][0xab][0xe6][0x8b][0x89][0xe9][0xbb][0x91])","Code":"isv.SMS_SIGNATURE_ILLEGAL"}"
2020-12-03 15:47:08 DEBUG headers:122 - http-outgoing-0 << HTTP/1.1 200 OK
2020-12-03 15:47:08 DEBUG headers:125 - http-outgoing-0 << Date: Thu, 03 Dec 2020 07:47:07 GMT
2020-12-03 15:47:08 DEBUG headers:125 - http-outgoing-0 << Content-Type: application/json;charset=utf-8
2020-12-03 15:47:08 DEBUG headers:125 - http-outgoing-0 << Connection: keep-alive
2020-12-03 15:47:08 DEBUG headers:125 - http-outgoing-0 << Access-Control-Allow-Origin: *
2020-12-03 15:47:08 DEBUG headers:125 - http-outgoing-0 << Access-Control-Allow-Methods: POST, GET, OPTIONS
2020-12-03 15:47:08 DEBUG headers:125 - http-outgoing-0 << Access-Control-Allow-Headers: X-Requested-With, X-Sequence, _aop_secret, _aop_signature
2020-12-03 15:47:08 DEBUG headers:125 - http-outgoing-0 << Access-Control-Max-Age: 172800
2020-12-03 15:47:08 DEBUG headers:125 - http-outgoing-0 << x-acs-request-id: 142E8F86-8301-4375-A623-51447BF7A7F8
2020-12-03 15:47:08 DEBUG headers:125 - http-outgoing-0 << Content-Length: 138
2020-12-03 15:47:08 DEBUG MainClientExec:285 - Connection can be kept alive for 5000 MILLISECONDS
2020-12-03 15:47:08 DEBUG PoolingHttpClientConnectionManager:344 - Connection [id: 0][route: {}->http://dysmsapi.aliyuncs.com:80] can be kept alive for 5.0 seconds
2020-12-03 15:47:08 DEBUG DefaultManagedHttpClientConnection:88 - http-outgoing-0: set socket timeout to 0
2020-12-03 15:47:08 DEBUG PoolingHttpClientConnectionManager:351 - Connection released: [id: 0][route: {}->http://dysmsapi.aliyuncs.com:80][total available: 1; route allocated: 1 of 5; total allocated: 1 of 64]
2020-12-03 15:59:29 DEBUG RequestAddCookies:123 - CookieSpec selected: default
2020-12-03 15:59:29 DEBUG RequestAuthCache:77 - Auth cache not set in the context
2020-12-03 15:59:29 DEBUG PoolingHttpClientConnectionManager:267 - Connection request: [route: {}->http://dysmsapi.aliyuncs.com:80][total available: 0; route allocated: 0 of 5; total allocated: 0 of 64]
2020-12-03 15:59:29 DEBUG PoolingHttpClientConnectionManager:312 - Connection leased: [id: 0][route: {}->http://dysmsapi.aliyuncs.com:80][total available: 0; route allocated: 1 of 5; total allocated: 1 of 64]
2020-12-03 15:59:29 DEBUG MainClientExec:234 - Opening connection {}->http://dysmsapi.aliyuncs.com:80
2020-12-03 15:59:29 DEBUG DefaultHttpClientConnectionOperator:139 - Connecting to dysmsapi.aliyuncs.com/106.11.45.35:80
2020-12-03 15:59:29 DEBUG DefaultHttpClientConnectionOperator:146 - Connection established 192.168.0.102:57807<->106.11.45.35:80
2020-12-03 15:59:29 DEBUG DefaultManagedHttpClientConnection:88 - http-outgoing-0: set socket timeout to 10000
2020-12-03 15:59:29 DEBUG MainClientExec:255 - Executing request POST /?PhoneNumbers=13347348678&Action=SendSms&Timestamp=2020-12-03T07%3A59%3A29Z&SignName=%E9%8E%B4%E6%88%A0%E6%AE%91%E9%96%AB%E6%B0%AC%E2%96%89%E5%A8%93%E6%96%BF%E5%8F%BF%E9%8D%A6%E3%84%A7%E5%9A%8E%E7%BC%83%E6%88%A0%E7%8F%AF&TemplateCode=SMS_204287611&SignatureVersion=1.0&Format=JSON&SignatureNonce=6a203307-9b63-47be-832f-4e2b6e9e9cf916069823690711&Version=2017-05-25&AccessKeyId=LTAI4GA76zMtgTRZWaExJTda&Signature=EoBpfi6M1jhQ17GJd11eQ8OF1hY%3D&SignatureMethod=HMAC-SHA1&TemplateParam=%7B%22code%22%3A%227738%22%7D&RegionId=default HTTP/1.1
2020-12-03 15:59:29 DEBUG MainClientExec:260 - Target auth state: UNCHALLENGED
2020-12-03 15:59:29 DEBUG MainClientExec:266 - Proxy auth state: UNCHALLENGED
2020-12-03 15:59:29 DEBUG headers:133 - http-outgoing-0 >> POST /?PhoneNumbers=13347348678&Action=SendSms&Timestamp=2020-12-03T07%3A59%3A29Z&SignName=%E9%8E%B4%E6%88%A0%E6%AE%91%E9%96%AB%E6%B0%AC%E2%96%89%E5%A8%93%E6%96%BF%E5%8F%BF%E9%8D%A6%E3%84%A7%E5%9A%8E%E7%BC%83%E6%88%A0%E7%8F%AF&TemplateCode=SMS_204287611&SignatureVersion=1.0&Format=JSON&SignatureNonce=6a203307-9b63-47be-832f-4e2b6e9e9cf916069823690711&Version=2017-05-25&AccessKeyId=LTAI4GA76zMtgTRZWaExJTda&Signature=EoBpfi6M1jhQ17GJd11eQ8OF1hY%3D&SignatureMethod=HMAC-SHA1&TemplateParam=%7B%22code%22%3A%227738%22%7D&RegionId=default HTTP/1.1
2020-12-03 15:59:29 DEBUG headers:136 - http-outgoing-0 >> Accept-Encoding: identity
2020-12-03 15:59:29 DEBUG headers:136 - http-outgoing-0 >> x-sdk-invoke-type: common
2020-12-03 15:59:29 DEBUG headers:136 - http-outgoing-0 >> Accept: application/json
2020-12-03 15:59:29 DEBUG headers:136 - http-outgoing-0 >> x-sdk-client: Java/2.0.0
2020-12-03 15:59:29 DEBUG headers:136 - http-outgoing-0 >> User-Agent: AlibabaCloud (Windows 10; amd64) Java/1.8.0_151-b12 Core/4.5.3 HTTPClient/ApacheHttpClient
2020-12-03 15:59:29 DEBUG headers:136 - http-outgoing-0 >> Content-Type: application/x-www-form-urlencoded
2020-12-03 15:59:29 DEBUG headers:136 - http-outgoing-0 >> Host: dysmsapi.aliyuncs.com
2020-12-03 15:59:29 DEBUG headers:136 - http-outgoing-0 >> Connection: Keep-Alive
2020-12-03 15:59:29 DEBUG wire:73 - http-outgoing-0 >> "POST /?PhoneNumbers=13347348678&Action=SendSms&Timestamp=2020-12-03T07%3A59%3A29Z&SignName=%E9%8E%B4%E6%88%A0%E6%AE%91%E9%96%AB%E6%B0%AC%E2%96%89%E5%A8%93%E6%96%BF%E5%8F%BF%E9%8D%A6%E3%84%A7%E5%9A%8E%E7%BC%83%E6%88%A0%E7%8F%AF&TemplateCode=SMS_204287611&SignatureVersion=1.0&Format=JSON&SignatureNonce=6a203307-9b63-47be-832f-4e2b6e9e9cf916069823690711&Version=2017-05-25&AccessKeyId=LTAI4GA76zMtgTRZWaExJTda&Signature=EoBpfi6M1jhQ17GJd11eQ8OF1hY%3D&SignatureMethod=HMAC-SHA1&TemplateParam=%7B%22code%22%3A%227738%22%7D&RegionId=default HTTP/1.1[\r][\n]"
2020-12-03 15:59:29 DEBUG wire:73 - http-outgoing-0 >> "Accept-Encoding: identity[\r][\n]"
2020-12-03 15:59:29 DEBUG wire:73 - http-outgoing-0 >> "x-sdk-invoke-type: common[\r][\n]"
2020-12-03 15:59:29 DEBUG wire:73 - http-outgoing-0 >> "Accept: application/json[\r][\n]"
2020-12-03 15:59:29 DEBUG wire:73 - http-outgoing-0 >> "x-sdk-client: Java/2.0.0[\r][\n]"
2020-12-03 15:59:29 DEBUG wire:73 - http-outgoing-0 >> "User-Agent: AlibabaCloud (Windows 10; amd64) Java/1.8.0_151-b12 Core/4.5.3 HTTPClient/ApacheHttpClient[\r][\n]"
2020-12-03 15:59:29 DEBUG wire:73 - http-outgoing-0 >> "Content-Type: application/x-www-form-urlencoded[\r][\n]"
2020-12-03 15:59:29 DEBUG wire:73 - http-outgoing-0 >> "Host: dysmsapi.aliyuncs.com[\r][\n]"
2020-12-03 15:59:29 DEBUG wire:73 - http-outgoing-0 >> "Connection: Keep-Alive[\r][\n]"
2020-12-03 15:59:29 DEBUG wire:73 - http-outgoing-0 >> "[\r][\n]"
2020-12-03 15:59:29 DEBUG wire:73 - http-outgoing-0 << "HTTP/1.1 200 OK[\r][\n]"
2020-12-03 15:59:29 DEBUG wire:73 - http-outgoing-0 << "Date: Thu, 03 Dec 2020 07:59:28 GMT[\r][\n]"
2020-12-03 15:59:29 DEBUG wire:73 - http-outgoing-0 << "Content-Type: application/json;charset=utf-8[\r][\n]"
2020-12-03 15:59:29 DEBUG wire:73 - http-outgoing-0 << "Connection: keep-alive[\r][\n]"
2020-12-03 15:59:29 DEBUG wire:73 - http-outgoing-0 << "Access-Control-Allow-Origin: *[\r][\n]"
2020-12-03 15:59:29 DEBUG wire:73 - http-outgoing-0 << "Access-Control-Allow-Methods: POST, GET, OPTIONS[\r][\n]"
2020-12-03 15:59:29 DEBUG wire:73 - http-outgoing-0 << "Access-Control-Allow-Headers: X-Requested-With, X-Sequence, _aop_secret, _aop_signature[\r][\n]"
2020-12-03 15:59:29 DEBUG wire:73 - http-outgoing-0 << "Access-Control-Max-Age: 172800[\r][\n]"
2020-12-03 15:59:29 DEBUG wire:73 - http-outgoing-0 << "x-acs-request-id: 559AD31F-E5D3-4C6C-8CAF-ECDD00939661[\r][\n]"
2020-12-03 15:59:29 DEBUG wire:73 - http-outgoing-0 << "Content-Length: 138[\r][\n]"
2020-12-03 15:59:29 DEBUG wire:73 - http-outgoing-0 << "[\r][\n]"
2020-12-03 15:59:29 DEBUG wire:87 - http-outgoing-0 << "{"RequestId":"559AD31F-E5D3-4C6C-8CAF-ECDD00939661","Message":"[0xe7][0xad][0xbe][0xe5][0x90][0x8d][0xe4][0xb8][0x8d][0xe5][0x90][0x88][0xe6][0xb3][0x95]([0xe4][0xb8][0x8d][0xe5][0xad][0x98][0xe5][0x9c][0xa8][0xe6][0x88][0x96][0xe8][0xa2][0xab][0xe6][0x8b][0x89][0xe9][0xbb][0x91])","Code":"isv.SMS_SIGNATURE_ILLEGAL"}"
2020-12-03 15:59:29 DEBUG headers:122 - http-outgoing-0 << HTTP/1.1 200 OK
2020-12-03 15:59:29 DEBUG headers:125 - http-outgoing-0 << Date: Thu, 03 Dec 2020 07:59:28 GMT
2020-12-03 15:59:29 DEBUG headers:125 - http-outgoing-0 << Content-Type: application/json;charset=utf-8
2020-12-03 15:59:29 DEBUG headers:125 - http-outgoing-0 << Connection: keep-alive
2020-12-03 15:59:29 DEBUG headers:125 - http-outgoing-0 << Access-Control-Allow-Origin: *
2020-12-03 15:59:29 DEBUG headers:125 - http-outgoing-0 << Access-Control-Allow-Methods: POST, GET, OPTIONS
2020-12-03 15:59:29 DEBUG headers:125 - http-outgoing-0 << Access-Control-Allow-Headers: X-Requested-With, X-Sequence, _aop_secret, _aop_signature
2020-12-03 15:59:29 DEBUG headers:125 - http-outgoing-0 << Access-Control-Max-Age: 172800
2020-12-03 15:59:29 DEBUG headers:125 - http-outgoing-0 << x-acs-request-id: 559AD31F-E5D3-4C6C-8CAF-ECDD00939661
2020-12-03 15:59:29 DEBUG headers:125 - http-outgoing-0 << Content-Length: 138
2020-12-03 15:59:29 DEBUG MainClientExec:285 - Connection can be kept alive for 5000 MILLISECONDS
2020-12-03 15:59:29 DEBUG PoolingHttpClientConnectionManager:344 - Connection [id: 0][route: {}->http://dysmsapi.aliyuncs.com:80] can be kept alive for 5.0 seconds
2020-12-03 15:59:29 DEBUG DefaultManagedHttpClientConnection:88 - http-outgoing-0: set socket timeout to 0
2020-12-03 15:59:29 DEBUG PoolingHttpClientConnectionManager:351 - Connection released: [id: 0][route: {}->http://dysmsapi.aliyuncs.com:80][total available: 1; route allocated: 1 of 5; total allocated: 1 of 64]
2020-12-03 15:59:40 DEBUG RequestAddCookies:123 - CookieSpec selected: default
2020-12-03 15:59:40 DEBUG RequestAuthCache:77 - Auth cache not set in the context
2020-12-03 15:59:40 DEBUG PoolingHttpClientConnectionManager:267 - Connection request: [route: {}->http://dysmsapi.aliyuncs.com:80][total available: 0; route allocated: 0 of 5; total allocated: 0 of 64]
2020-12-03 15:59:40 DEBUG PoolingHttpClientConnectionManager:312 - Connection leased: [id: 0][route: {}->http://dysmsapi.aliyuncs.com:80][total available: 0; route allocated: 1 of 5; total allocated: 1 of 64]
2020-12-03 15:59:40 DEBUG MainClientExec:234 - Opening connection {}->http://dysmsapi.aliyuncs.com:80
2020-12-03 15:59:40 DEBUG DefaultHttpClientConnectionOperator:139 - Connecting to dysmsapi.aliyuncs.com/106.11.45.35:80
2020-12-03 15:59:40 DEBUG DefaultHttpClientConnectionOperator:146 - Connection established 192.168.0.102:57821<->106.11.45.35:80
2020-12-03 15:59:40 DEBUG DefaultManagedHttpClientConnection:88 - http-outgoing-0: set socket timeout to 10000
2020-12-03 15:59:40 DEBUG MainClientExec:255 - Executing request POST /?PhoneNumbers=13347348678&Action=SendSms&Timestamp=2020-12-03T07%3A59%3A40Z&SignName=%E9%8E%B4%E6%88%A0%E6%AE%91%E9%96%AB%E6%B0%AC%E2%96%89%E5%A8%93%E6%96%BF%E5%8F%BF%E9%8D%A6%E3%84%A7%E5%9A%8E%E7%BC%83%E6%88%A0%E7%8F%AF&TemplateCode=SMS_204287611&SignatureVersion=1.0&Format=JSON&SignatureNonce=661f6d73-a21c-4301-a521-8da72c79483016069823804961&Version=2017-05-25&AccessKeyId=LTAI4GA76zMtgTRZWaExJTda&Signature=Rh8dhNK4pR%2BcZRWAfWU4zH3E%2BtQ%3D&SignatureMethod=HMAC-SHA1&TemplateParam=%7B%22code%22%3A%226564%22%7D&RegionId=default HTTP/1.1
2020-12-03 15:59:40 DEBUG MainClientExec:260 - Target auth state: UNCHALLENGED
2020-12-03 15:59:40 DEBUG MainClientExec:266 - Proxy auth state: UNCHALLENGED
2020-12-03 15:59:40 DEBUG headers:133 - http-outgoing-0 >> POST /?PhoneNumbers=13347348678&Action=SendSms&Timestamp=2020-12-03T07%3A59%3A40Z&SignName=%E9%8E%B4%E6%88%A0%E6%AE%91%E9%96%AB%E6%B0%AC%E2%96%89%E5%A8%93%E6%96%BF%E5%8F%BF%E9%8D%A6%E3%84%A7%E5%9A%8E%E7%BC%83%E6%88%A0%E7%8F%AF&TemplateCode=SMS_204287611&SignatureVersion=1.0&Format=JSON&SignatureNonce=661f6d73-a21c-4301-a521-8da72c79483016069823804961&Version=2017-05-25&AccessKeyId=LTAI4GA76zMtgTRZWaExJTda&Signature=Rh8dhNK4pR%2BcZRWAfWU4zH3E%2BtQ%3D&SignatureMethod=HMAC-SHA1&TemplateParam=%7B%22code%22%3A%226564%22%7D&RegionId=default HTTP/1.1
2020-12-03 15:59:40 DEBUG headers:136 - http-outgoing-0 >> Accept-Encoding: identity
2020-12-03 15:59:40 DEBUG headers:136 - http-outgoing-0 >> x-sdk-invoke-type: common
2020-12-03 15:59:40 DEBUG headers:136 - http-outgoing-0 >> Accept: application/json
2020-12-03 15:59:40 DEBUG headers:136 - http-outgoing-0 >> x-sdk-client: Java/2.0.0
2020-12-03 15:59:40 DEBUG headers:136 - http-outgoing-0 >> User-Agent: AlibabaCloud (Windows 10; amd64) Java/1.8.0_151-b12 Core/4.5.3 HTTPClient/ApacheHttpClient
2020-12-03 15:59:40 DEBUG headers:136 - http-outgoing-0 >> Content-Type: application/x-www-form-urlencoded
2020-12-03 15:59:40 DEBUG headers:136 - http-outgoing-0 >> Host: dysmsapi.aliyuncs.com
2020-12-03 15:59:40 DEBUG headers:136 - http-outgoing-0 >> Connection: Keep-Alive
2020-12-03 15:59:40 DEBUG wire:73 - http-outgoing-0 >> "POST /?PhoneNumbers=13347348678&Action=SendSms&Timestamp=2020-12-03T07%3A59%3A40Z&SignName=%E9%8E%B4%E6%88%A0%E6%AE%91%E9%96%AB%E6%B0%AC%E2%96%89%E5%A8%93%E6%96%BF%E5%8F%BF%E9%8D%A6%E3%84%A7%E5%9A%8E%E7%BC%83%E6%88%A0%E7%8F%AF&TemplateCode=SMS_204287611&SignatureVersion=1.0&Format=JSON&SignatureNonce=661f6d73-a21c-4301-a521-8da72c79483016069823804961&Version=2017-05-25&AccessKeyId=LTAI4GA76zMtgTRZWaExJTda&Signature=Rh8dhNK4pR%2BcZRWAfWU4zH3E%2BtQ%3D&SignatureMethod=HMAC-SHA1&TemplateParam=%7B%22code%22%3A%226564%22%7D&RegionId=default HTTP/1.1[\r][\n]"
2020-12-03 15:59:40 DEBUG wire:73 - http-outgoing-0 >> "Accept-Encoding: identity[\r][\n]"
2020-12-03 15:59:40 DEBUG wire:73 - http-outgoing-0 >> "x-sdk-invoke-type: common[\r][\n]"
2020-12-03 15:59:40 DEBUG wire:73 - http-outgoing-0 >> "Accept: application/json[\r][\n]"
2020-12-03 15:59:40 DEBUG wire:73 - http-outgoing-0 >> "x-sdk-client: Java/2.0.0[\r][\n]"
2020-12-03 15:59:40 DEBUG wire:73 - http-outgoing-0 >> "User-Agent: AlibabaCloud (Windows 10; amd64) Java/1.8.0_151-b12 Core/4.5.3 HTTPClient/ApacheHttpClient[\r][\n]"
2020-12-03 15:59:40 DEBUG wire:73 - http-outgoing-0 >> "Content-Type: application/x-www-form-urlencoded[\r][\n]"
2020-12-03 15:59:40 DEBUG wire:73 - http-outgoing-0 >> "Host: dysmsapi.aliyuncs.com[\r][\n]"
2020-12-03 15:59:40 DEBUG wire:73 - http-outgoing-0 >> "Connection: Keep-Alive[\r][\n]"
2020-12-03 15:59:40 DEBUG wire:73 - http-outgoing-0 >> "[\r][\n]"
2020-12-03 15:59:40 DEBUG wire:73 - http-outgoing-0 << "HTTP/1.1 200 OK[\r][\n]"
2020-12-03 15:59:40 DEBUG wire:73 - http-outgoing-0 << "Date: Thu, 03 Dec 2020 07:59:39 GMT[\r][\n]"
2020-12-03 15:59:40 DEBUG wire:73 - http-outgoing-0 << "Content-Type: application/json;charset=utf-8[\r][\n]"
2020-12-03 15:59:40 DEBUG wire:73 - http-outgoing-0 << "Connection: keep-alive[\r][\n]"
2020-12-03 15:59:40 DEBUG wire:73 - http-outgoing-0 << "Access-Control-Allow-Origin: *[\r][\n]"
2020-12-03 15:59:40 DEBUG wire:73 - http-outgoing-0 << "Access-Control-Allow-Methods: POST, GET, OPTIONS[\r][\n]"
2020-12-03 15:59:40 DEBUG wire:73 - http-outgoing-0 << "Access-Control-Allow-Headers: X-Requested-With, X-Sequence, _aop_secret, _aop_signature[\r][\n]"
2020-12-03 15:59:40 DEBUG wire:73 - http-outgoing-0 << "Access-Control-Max-Age: 172800[\r][\n]"
2020-12-03 15:59:40 DEBUG wire:73 - http-outgoing-0 << "x-acs-request-id: C85BDEEA-3ECD-4A37-B10F-F73DA3E40DCF[\r][\n]"
2020-12-03 15:59:40 DEBUG wire:73 - http-outgoing-0 << "Content-Length: 138[\r][\n]"
2020-12-03 15:59:40 DEBUG wire:73 - http-outgoing-0 << "[\r][\n]"
2020-12-03 15:59:40 DEBUG wire:87 - http-outgoing-0 << "{"RequestId":"C85BDEEA-3ECD-4A37-B10F-F73DA3E40DCF","Message":"[0xe7][0xad][0xbe][0xe5][0x90][0x8d][0xe4][0xb8][0x8d][0xe5][0x90][0x88][0xe6][0xb3][0x95]([0xe4][0xb8][0x8d][0xe5][0xad][0x98][0xe5][0x9c][0xa8][0xe6][0x88][0x96][0xe8][0xa2][0xab][0xe6][0x8b][0x89][0xe9][0xbb][0x91])","Code":"isv.SMS_SIGNATURE_ILLEGAL"}"
2020-12-03 15:59:40 DEBUG headers:122 - http-outgoing-0 << HTTP/1.1 200 OK
2020-12-03 15:59:40 DEBUG headers:125 - http-outgoing-0 << Date: Thu, 03 Dec 2020 07:59:39 GMT
2020-12-03 15:59:40 DEBUG headers:125 - http-outgoing-0 << Content-Type: application/json;charset=utf-8
2020-12-03 15:59:40 DEBUG headers:125 - http-outgoing-0 << Connection: keep-alive
2020-12-03 15:59:40 DEBUG headers:125 - http-outgoing-0 << Access-Control-Allow-Origin: *
2020-12-03 15:59:40 DEBUG headers:125 - http-outgoing-0 << Access-Control-Allow-Methods: POST, GET, OPTIONS
2020-12-03 15:59:40 DEBUG headers:125 - http-outgoing-0 << Access-Control-Allow-Headers: X-Requested-With, X-Sequence, _aop_secret, _aop_signature
2020-12-03 15:59:40 DEBUG headers:125 - http-outgoing-0 << Access-Control-Max-Age: 172800
2020-12-03 15:59:40 DEBUG headers:125 - http-outgoing-0 << x-acs-request-id: C85BDEEA-3ECD-4A37-B10F-F73DA3E40DCF
2020-12-03 15:59:40 DEBUG headers:125 - http-outgoing-0 << Content-Length: 138
2020-12-03 15:59:40 DEBUG MainClientExec:285 - Connection can be kept alive for 5000 MILLISECONDS
2020-12-03 15:59:40 DEBUG PoolingHttpClientConnectionManager:344 - Connection [id: 0][route: {}->http://dysmsapi.aliyuncs.com:80] can be kept alive for 5.0 seconds
2020-12-03 15:59:40 DEBUG DefaultManagedHttpClientConnection:88 - http-outgoing-0: set socket timeout to 0
2020-12-03 15:59:40 DEBUG PoolingHttpClientConnectionManager:351 - Connection released: [id: 0][route: {}->http://dysmsapi.aliyuncs.com:80][total available: 1; route allocated: 1 of 5; total allocated: 1 of 64]
2020-12-03 16:00:06 DEBUG RequestAddCookies:123 - CookieSpec selected: default
2020-12-03 16:00:06 DEBUG RequestAuthCache:77 - Auth cache not set in the context
2020-12-03 16:00:06 DEBUG PoolingHttpClientConnectionManager:267 - Connection request: [route: {}->http://dysmsapi.aliyuncs.com:80][total available: 0; route allocated: 0 of 5; total allocated: 0 of 64]
2020-12-03 16:00:06 DEBUG PoolingHttpClientConnectionManager:312 - Connection leased: [id: 0][route: {}->http://dysmsapi.aliyuncs.com:80][total available: 0; route allocated: 1 of 5; total allocated: 1 of 64]
2020-12-03 16:00:06 DEBUG MainClientExec:234 - Opening connection {}->http://dysmsapi.aliyuncs.com:80
2020-12-03 16:00:06 DEBUG DefaultHttpClientConnectionOperator:139 - Connecting to dysmsapi.aliyuncs.com/106.11.45.35:80
2020-12-03 16:00:06 DEBUG DefaultHttpClientConnectionOperator:146 - Connection established 192.168.0.102:57857<->106.11.45.35:80
2020-12-03 16:00:06 DEBUG DefaultManagedHttpClientConnection:88 - http-outgoing-0: set socket timeout to 10000
2020-12-03 16:00:06 DEBUG MainClientExec:255 - Executing request POST /?PhoneNumbers=13347348678&Action=SendSms&Timestamp=2020-12-03T08%3A00%3A06Z&SignName=%E9%8E%B4%E6%88%A0%E6%AE%91%E9%96%AB%E6%B0%AC%E2%96%89%E5%A8%93%E6%96%BF%E5%8F%BF%E9%8D%A6%E3%84%A7%E5%9A%8E%E7%BC%83%E6%88%A0%E7%8F%AF&TemplateCode=SMS_204287611&SignatureVersion=1.0&Format=JSON&SignatureNonce=103441cf-a91c-4525-bdbe-76625e17694916069824065931&Version=2017-05-25&AccessKeyId=LTAI4GA76zMtgTRZWaExJTda&Signature=PhBp3XCfWFSdM2hqvXd036880cQ%3D&SignatureMethod=HMAC-SHA1&TemplateParam=%7B%22code%22%3A%226185%22%7D&RegionId=default HTTP/1.1
2020-12-03 16:00:06 DEBUG MainClientExec:260 - Target auth state: UNCHALLENGED
2020-12-03 16:00:06 DEBUG MainClientExec:266 - Proxy auth state: UNCHALLENGED
2020-12-03 16:00:06 DEBUG headers:133 - http-outgoing-0 >> POST /?PhoneNumbers=13347348678&Action=SendSms&Timestamp=2020-12-03T08%3A00%3A06Z&SignName=%E9%8E%B4%E6%88%A0%E6%AE%91%E9%96%AB%E6%B0%AC%E2%96%89%E5%A8%93%E6%96%BF%E5%8F%BF%E9%8D%A6%E3%84%A7%E5%9A%8E%E7%BC%83%E6%88%A0%E7%8F%AF&TemplateCode=SMS_204287611&SignatureVersion=1.0&Format=JSON&SignatureNonce=103441cf-a91c-4525-bdbe-76625e17694916069824065931&Version=2017-05-25&AccessKeyId=LTAI4GA76zMtgTRZWaExJTda&Signature=PhBp3XCfWFSdM2hqvXd036880cQ%3D&SignatureMethod=HMAC-SHA1&TemplateParam=%7B%22code%22%3A%226185%22%7D&RegionId=default HTTP/1.1
2020-12-03 16:00:06 DEBUG headers:136 - http-outgoing-0 >> Accept-Encoding: identity
2020-12-03 16:00:06 DEBUG headers:136 - http-outgoing-0 >> x-sdk-invoke-type: common
2020-12-03 16:00:06 DEBUG headers:136 - http-outgoing-0 >> Accept: application/json
2020-12-03 16:00:06 DEBUG headers:136 - http-outgoing-0 >> x-sdk-client: Java/2.0.0
2020-12-03 16:00:06 DEBUG headers:136 - http-outgoing-0 >> User-Agent: AlibabaCloud (Windows 10; amd64) Java/1.8.0_151-b12 Core/4.5.3 HTTPClient/ApacheHttpClient
2020-12-03 16:00:06 DEBUG headers:136 - http-outgoing-0 >> Content-Type: application/x-www-form-urlencoded
2020-12-03 16:00:06 DEBUG headers:136 - http-outgoing-0 >> Host: dysmsapi.aliyuncs.com
2020-12-03 16:00:06 DEBUG headers:136 - http-outgoing-0 >> Connection: Keep-Alive
2020-12-03 16:00:06 DEBUG wire:73 - http-outgoing-0 >> "POST /?PhoneNumbers=13347348678&Action=SendSms&Timestamp=2020-12-03T08%3A00%3A06Z&SignName=%E9%8E%B4%E6%88%A0%E6%AE%91%E9%96%AB%E6%B0%AC%E2%96%89%E5%A8%93%E6%96%BF%E5%8F%BF%E9%8D%A6%E3%84%A7%E5%9A%8E%E7%BC%83%E6%88%A0%E7%8F%AF&TemplateCode=SMS_204287611&SignatureVersion=1.0&Format=JSON&SignatureNonce=103441cf-a91c-4525-bdbe-76625e17694916069824065931&Version=2017-05-25&AccessKeyId=LTAI4GA76zMtgTRZWaExJTda&Signature=PhBp3XCfWFSdM2hqvXd036880cQ%3D&SignatureMethod=HMAC-SHA1&TemplateParam=%7B%22code%22%3A%226185%22%7D&RegionId=default HTTP/1.1[\r][\n]"
2020-12-03 16:00:06 DEBUG wire:73 - http-outgoing-0 >> "Accept-Encoding: identity[\r][\n]"
2020-12-03 16:00:06 DEBUG wire:73 - http-outgoing-0 >> "x-sdk-invoke-type: common[\r][\n]"
2020-12-03 16:00:06 DEBUG wire:73 - http-outgoing-0 >> "Accept: application/json[\r][\n]"
2020-12-03 16:00:06 DEBUG wire:73 - http-outgoing-0 >> "x-sdk-client: Java/2.0.0[\r][\n]"
2020-12-03 16:00:06 DEBUG wire:73 - http-outgoing-0 >> "User-Agent: AlibabaCloud (Windows 10; amd64) Java/1.8.0_151-b12 Core/4.5.3 HTTPClient/ApacheHttpClient[\r][\n]"
2020-12-03 16:00:06 DEBUG wire:73 - http-outgoing-0 >> "Content-Type: application/x-www-form-urlencoded[\r][\n]"
2020-12-03 16:00:06 DEBUG wire:73 - http-outgoing-0 >> "Host: dysmsapi.aliyuncs.com[\r][\n]"
2020-12-03 16:00:06 DEBUG wire:73 - http-outgoing-0 >> "Connection: Keep-Alive[\r][\n]"
2020-12-03 16:00:06 DEBUG wire:73 - http-outgoing-0 >> "[\r][\n]"
2020-12-03 16:00:06 DEBUG wire:73 - http-outgoing-0 << "HTTP/1.1 200 OK[\r][\n]"
2020-12-03 16:00:06 DEBUG wire:73 - http-outgoing-0 << "Date: Thu, 03 Dec 2020 08:00:05 GMT[\r][\n]"
2020-12-03 16:00:06 DEBUG wire:73 - http-outgoing-0 << "Content-Type: application/json;charset=utf-8[\r][\n]"
2020-12-03 16:00:06 DEBUG wire:73 - http-outgoing-0 << "Connection: keep-alive[\r][\n]"
2020-12-03 16:00:06 DEBUG wire:73 - http-outgoing-0 << "Access-Control-Allow-Origin: *[\r][\n]"
2020-12-03 16:00:06 DEBUG wire:73 - http-outgoing-0 << "Access-Control-Allow-Methods: POST, GET, OPTIONS[\r][\n]"
2020-12-03 16:00:06 DEBUG wire:73 - http-outgoing-0 << "Access-Control-Allow-Headers: X-Requested-With, X-Sequence, _aop_secret, _aop_signature[\r][\n]"
2020-12-03 16:00:06 DEBUG wire:73 - http-outgoing-0 << "Access-Control-Max-Age: 172800[\r][\n]"
2020-12-03 16:00:06 DEBUG wire:73 - http-outgoing-0 << "x-acs-request-id: 2C999401-8BBF-4FB7-84C4-18153D74C127[\r][\n]"
2020-12-03 16:00:06 DEBUG wire:73 - http-outgoing-0 << "Content-Length: 138[\r][\n]"
2020-12-03 16:00:06 DEBUG wire:73 - http-outgoing-0 << "[\r][\n]"
2020-12-03 16:00:06 DEBUG wire:87 - http-outgoing-0 << "{"RequestId":"2C999401-8BBF-4FB7-84C4-18153D74C127","Message":"[0xe7][0xad][0xbe][0xe5][0x90][0x8d][0xe4][0xb8][0x8d][0xe5][0x90][0x88][0xe6][0xb3][0x95]([0xe4][0xb8][0x8d][0xe5][0xad][0x98][0xe5][0x9c][0xa8][0xe6][0x88][0x96][0xe8][0xa2][0xab][0xe6][0x8b][0x89][0xe9][0xbb][0x91])","Code":"isv.SMS_SIGNATURE_ILLEGAL"}"
2020-12-03 16:00:06 DEBUG headers:122 - http-outgoing-0 << HTTP/1.1 200 OK
2020-12-03 16:00:06 DEBUG headers:125 - http-outgoing-0 << Date: Thu, 03 Dec 2020 08:00:05 GMT
2020-12-03 16:00:06 DEBUG headers:125 - http-outgoing-0 << Content-Type: application/json;charset=utf-8
2020-12-03 16:00:06 DEBUG headers:125 - http-outgoing-0 << Connection: keep-alive
2020-12-03 16:00:06 DEBUG headers:125 - http-outgoing-0 << Access-Control-Allow-Origin: *
2020-12-03 16:00:06 DEBUG headers:125 - http-outgoing-0 << Access-Control-Allow-Methods: POST, GET, OPTIONS
2020-12-03 16:00:06 DEBUG headers:125 - http-outgoing-0 << Access-Control-Allow-Headers: X-Requested-With, X-Sequence, _aop_secret, _aop_signature
2020-12-03 16:00:06 DEBUG headers:125 - http-outgoing-0 << Access-Control-Max-Age: 172800
2020-12-03 16:00:06 DEBUG headers:125 - http-outgoing-0 << x-acs-request-id: 2C999401-8BBF-4FB7-84C4-18153D74C127
2020-12-03 16:00:06 DEBUG headers:125 - http-outgoing-0 << Content-Length: 138
2020-12-03 16:00:06 DEBUG MainClientExec:285 - Connection can be kept alive for 5000 MILLISECONDS
2020-12-03 16:00:06 DEBUG PoolingHttpClientConnectionManager:344 - Connection [id: 0][route: {}->http://dysmsapi.aliyuncs.com:80] can be kept alive for 5.0 seconds
2020-12-03 16:00:06 DEBUG DefaultManagedHttpClientConnection:88 - http-outgoing-0: set socket timeout to 0
2020-12-03 16:00:06 DEBUG PoolingHttpClientConnectionManager:351 - Connection released: [id: 0][route: {}->http://dysmsapi.aliyuncs.com:80][total available: 1; route allocated: 1 of 5; total allocated: 1 of 64]
2020-12-03 16:01:17 DEBUG RequestAddCookies:123 - CookieSpec selected: default
2020-12-03 16:01:17 DEBUG RequestAuthCache:77 - Auth cache not set in the context
2020-12-03 16:01:17 DEBUG PoolingHttpClientConnectionManager:267 - Connection request: [route: {}->http://dysmsapi.aliyuncs.com:80][total available: 0; route allocated: 0 of 5; total allocated: 0 of 64]
2020-12-03 16:01:17 DEBUG PoolingHttpClientConnectionManager:312 - Connection leased: [id: 0][route: {}->http://dysmsapi.aliyuncs.com:80][total available: 0; route allocated: 1 of 5; total allocated: 1 of 64]
2020-12-03 16:01:17 DEBUG MainClientExec:234 - Opening connection {}->http://dysmsapi.aliyuncs.com:80
2020-12-03 16:01:17 DEBUG DefaultHttpClientConnectionOperator:139 - Connecting to dysmsapi.aliyuncs.com/106.11.45.35:80
2020-12-03 16:01:17 DEBUG DefaultHttpClientConnectionOperator:146 - Connection established 192.168.0.102:57996<->106.11.45.35:80
2020-12-03 16:01:17 DEBUG DefaultManagedHttpClientConnection:88 - http-outgoing-0: set socket timeout to 10000
2020-12-03 16:01:17 DEBUG MainClientExec:255 - Executing request POST /?PhoneNumbers=13347348678&Action=SendSms&Timestamp=2020-12-03T08%3A01%3A17Z&SignName=%E9%8E%B4%E6%88%A0%E6%AE%91%E9%96%AB%E6%B0%AC%E2%96%89%E5%A8%93%E6%96%BF%E5%8F%BF%E9%8D%A6%E3%84%A7%E5%9A%8E%E7%BC%83%E6%88%A0%E7%8F%AF&TemplateCode=SMS_204287611&SignatureVersion=1.0&Format=JSON&SignatureNonce=370aa65e-740a-43e2-b8c3-45133010a38616069824777061&Version=2017-05-25&AccessKeyId=LTAI4GA76zMtgTRZWaExJTda&Signature=tJtJTWuc56vsKL5Slxkyjrjy1rU%3D&SignatureMethod=HMAC-SHA1&TemplateParam=%7B%22code%22%3A%226023%22%7D&RegionId=default HTTP/1.1
2020-12-03 16:01:17 DEBUG MainClientExec:260 - Target auth state: UNCHALLENGED
2020-12-03 16:01:17 DEBUG MainClientExec:266 - Proxy auth state: UNCHALLENGED
2020-12-03 16:01:17 DEBUG headers:133 - http-outgoing-0 >> POST /?PhoneNumbers=13347348678&Action=SendSms&Timestamp=2020-12-03T08%3A01%3A17Z&SignName=%E9%8E%B4%E6%88%A0%E6%AE%91%E9%96%AB%E6%B0%AC%E2%96%89%E5%A8%93%E6%96%BF%E5%8F%BF%E9%8D%A6%E3%84%A7%E5%9A%8E%E7%BC%83%E6%88%A0%E7%8F%AF&TemplateCode=SMS_204287611&SignatureVersion=1.0&Format=JSON&SignatureNonce=370aa65e-740a-43e2-b8c3-45133010a38616069824777061&Version=2017-05-25&AccessKeyId=LTAI4GA76zMtgTRZWaExJTda&Signature=tJtJTWuc56vsKL5Slxkyjrjy1rU%3D&SignatureMethod=HMAC-SHA1&TemplateParam=%7B%22code%22%3A%226023%22%7D&RegionId=default HTTP/1.1
2020-12-03 16:01:17 DEBUG headers:136 - http-outgoing-0 >> Accept-Encoding: identity
2020-12-03 16:01:17 DEBUG headers:136 - http-outgoing-0 >> x-sdk-invoke-type: common
2020-12-03 16:01:17 DEBUG headers:136 - http-outgoing-0 >> Accept: application/json
2020-12-03 16:01:17 DEBUG headers:136 - http-outgoing-0 >> x-sdk-client: Java/2.0.0
2020-12-03 16:01:17 DEBUG headers:136 - http-outgoing-0 >> User-Agent: AlibabaCloud (Windows 10; amd64) Java/1.8.0_151-b12 Core/4.5.3 HTTPClient/ApacheHttpClient
2020-12-03 16:01:17 DEBUG headers:136 - http-outgoing-0 >> Content-Type: application/x-www-form-urlencoded
2020-12-03 16:01:17 DEBUG headers:136 - http-outgoing-0 >> Host: dysmsapi.aliyuncs.com
2020-12-03 16:01:17 DEBUG headers:136 - http-outgoing-0 >> Connection: Keep-Alive
2020-12-03 16:01:17 DEBUG wire:73 - http-outgoing-0 >> "POST /?PhoneNumbers=13347348678&Action=SendSms&Timestamp=2020-12-03T08%3A01%3A17Z&SignName=%E9%8E%B4%E6%88%A0%E6%AE%91%E9%96%AB%E6%B0%AC%E2%96%89%E5%A8%93%E6%96%BF%E5%8F%BF%E9%8D%A6%E3%84%A7%E5%9A%8E%E7%BC%83%E6%88%A0%E7%8F%AF&TemplateCode=SMS_204287611&SignatureVersion=1.0&Format=JSON&SignatureNonce=370aa65e-740a-43e2-b8c3-45133010a38616069824777061&Version=2017-05-25&AccessKeyId=LTAI4GA76zMtgTRZWaExJTda&Signature=tJtJTWuc56vsKL5Slxkyjrjy1rU%3D&SignatureMethod=HMAC-SHA1&TemplateParam=%7B%22code%22%3A%226023%22%7D&RegionId=default HTTP/1.1[\r][\n]"
2020-12-03 16:01:17 DEBUG wire:73 - http-outgoing-0 >> "Accept-Encoding: identity[\r][\n]"
2020-12-03 16:01:17 DEBUG wire:73 - http-outgoing-0 >> "x-sdk-invoke-type: common[\r][\n]"
2020-12-03 16:01:17 DEBUG wire:73 - http-outgoing-0 >> "Accept: application/json[\r][\n]"
2020-12-03 16:01:17 DEBUG wire:73 - http-outgoing-0 >> "x-sdk-client: Java/2.0.0[\r][\n]"
2020-12-03 16:01:17 DEBUG wire:73 - http-outgoing-0 >> "User-Agent: AlibabaCloud (Windows 10; amd64) Java/1.8.0_151-b12 Core/4.5.3 HTTPClient/ApacheHttpClient[\r][\n]"
2020-12-03 16:01:17 DEBUG wire:73 - http-outgoing-0 >> "Content-Type: application/x-www-form-urlencoded[\r][\n]"
2020-12-03 16:01:17 DEBUG wire:73 - http-outgoing-0 >> "Host: dysmsapi.aliyuncs.com[\r][\n]"
2020-12-03 16:01:17 DEBUG wire:73 - http-outgoing-0 >> "Connection: Keep-Alive[\r][\n]"
2020-12-03 16:01:17 DEBUG wire:73 - http-outgoing-0 >> "[\r][\n]"
2020-12-03 16:01:18 DEBUG wire:73 - http-outgoing-0 << "HTTP/1.1 200 OK[\r][\n]"
2020-12-03 16:01:18 DEBUG wire:73 - http-outgoing-0 << "Date: Thu, 03 Dec 2020 08:01:16 GMT[\r][\n]"
2020-12-03 16:01:18 DEBUG wire:73 - http-outgoing-0 << "Content-Type: application/json;charset=utf-8[\r][\n]"
2020-12-03 16:01:18 DEBUG wire:73 - http-outgoing-0 << "Connection: keep-alive[\r][\n]"
2020-12-03 16:01:18 DEBUG wire:73 - http-outgoing-0 << "Access-Control-Allow-Origin: *[\r][\n]"
2020-12-03 16:01:18 DEBUG wire:73 - http-outgoing-0 << "Access-Control-Allow-Methods: POST, GET, OPTIONS[\r][\n]"
2020-12-03 16:01:18 DEBUG wire:73 - http-outgoing-0 << "Access-Control-Allow-Headers: X-Requested-With, X-Sequence, _aop_secret, _aop_signature[\r][\n]"
2020-12-03 16:01:18 DEBUG wire:73 - http-outgoing-0 << "Access-Control-Max-Age: 172800[\r][\n]"
2020-12-03 16:01:18 DEBUG wire:73 - http-outgoing-0 << "x-acs-request-id: 85DC466B-1C49-4B22-BFCE-C099C4882EFF[\r][\n]"
2020-12-03 16:01:18 DEBUG wire:73 - http-outgoing-0 << "Content-Length: 138[\r][\n]"
2020-12-03 16:01:18 DEBUG wire:73 - http-outgoing-0 << "[\r][\n]"
2020-12-03 16:01:18 DEBUG wire:87 - http-outgoing-0 << "{"RequestId":"85DC466B-1C49-4B22-BFCE-C099C4882EFF","Message":"[0xe7][0xad][0xbe][0xe5][0x90][0x8d][0xe4][0xb8][0x8d][0xe5][0x90][0x88][0xe6][0xb3][0x95]([0xe4][0xb8][0x8d][0xe5][0xad][0x98][0xe5][0x9c][0xa8][0xe6][0x88][0x96][0xe8][0xa2][0xab][0xe6][0x8b][0x89][0xe9][0xbb][0x91])","Code":"isv.SMS_SIGNATURE_ILLEGAL"}"
2020-12-03 16:01:18 DEBUG headers:122 - http-outgoing-0 << HTTP/1.1 200 OK
2020-12-03 16:01:18 DEBUG headers:125 - http-outgoing-0 << Date: Thu, 03 Dec 2020 08:01:16 GMT
2020-12-03 16:01:18 DEBUG headers:125 - http-outgoing-0 << Content-Type: application/json;charset=utf-8
2020-12-03 16:01:18 DEBUG headers:125 - http-outgoing-0 << Connection: keep-alive
2020-12-03 16:01:18 DEBUG headers:125 - http-outgoing-0 << Access-Control-Allow-Origin: *
2020-12-03 16:01:18 DEBUG headers:125 - http-outgoing-0 << Access-Control-Allow-Methods: POST, GET, OPTIONS
2020-12-03 16:01:18 DEBUG headers:125 - http-outgoing-0 << Access-Control-Allow-Headers: X-Requested-With, X-Sequence, _aop_secret, _aop_signature
2020-12-03 16:01:18 DEBUG headers:125 - http-outgoing-0 << Access-Control-Max-Age: 172800
2020-12-03 16:01:18 DEBUG headers:125 - http-outgoing-0 << x-acs-request-id: 85DC466B-1C49-4B22-BFCE-C099C4882EFF
2020-12-03 16:01:18 DEBUG headers:125 - http-outgoing-0 << Content-Length: 138
2020-12-03 16:01:18 DEBUG MainClientExec:285 - Connection can be kept alive for 5000 MILLISECONDS
2020-12-03 16:01:18 DEBUG PoolingHttpClientConnectionManager:344 - Connection [id: 0][route: {}->http://dysmsapi.aliyuncs.com:80] can be kept alive for 5.0 seconds
2020-12-03 16:01:18 DEBUG DefaultManagedHttpClientConnection:88 - http-outgoing-0: set socket timeout to 0
2020-12-03 16:01:18 DEBUG PoolingHttpClientConnectionManager:351 - Connection released: [id: 0][route: {}->http://dysmsapi.aliyuncs.com:80][total available: 1; route allocated: 1 of 5; total allocated: 1 of 64]
2020-12-03 16:04:15 DEBUG RequestAddCookies:123 - CookieSpec selected: default
2020-12-03 16:04:15 DEBUG RequestAuthCache:77 - Auth cache not set in the context
2020-12-03 16:04:15 DEBUG PoolingHttpClientConnectionManager:267 - Connection request: [route: {}->http://dysmsapi.aliyuncs.com:80][total available: 0; route allocated: 0 of 5; total allocated: 0 of 64]
2020-12-03 16:04:15 DEBUG PoolingHttpClientConnectionManager:312 - Connection leased: [id: 0][route: {}->http://dysmsapi.aliyuncs.com:80][total available: 0; route allocated: 1 of 5; total allocated: 1 of 64]
2020-12-03 16:04:15 DEBUG MainClientExec:234 - Opening connection {}->http://dysmsapi.aliyuncs.com:80
2020-12-03 16:04:15 DEBUG DefaultHttpClientConnectionOperator:139 - Connecting to dysmsapi.aliyuncs.com/106.11.45.35:80
2020-12-03 16:04:15 DEBUG DefaultHttpClientConnectionOperator:146 - Connection established 192.168.0.102:58213<->106.11.45.35:80
2020-12-03 16:04:15 DEBUG DefaultManagedHttpClientConnection:88 - http-outgoing-0: set socket timeout to 10000
2020-12-03 16:04:15 DEBUG MainClientExec:255 - Executing request POST /?PhoneNumbers=13347348678&Action=SendSms&Timestamp=2020-12-03T08%3A04%3A15Z&SignName=%E9%8E%B4%E6%88%A0%E6%AE%91%E9%96%AB%E6%B0%AC%E2%96%89%E5%A8%93%E6%96%BF%E5%8F%BF%E9%8D%A6%E3%84%A7%E5%9A%8E%E7%BC%83%E6%88%A0%E7%8F%AF&TemplateCode=SMS_204287611&SignatureVersion=1.0&Format=JSON&SignatureNonce=41f7c7e0-2fb5-4699-a1b5-c00bed9c304a16069826554221&Version=2017-05-25&AccessKeyId=LTAI4GA76zMtgTRZWaExJTda&Signature=hDJFg1PxvtSdx6GRC21S8LLv17I%3D&SignatureMethod=HMAC-SHA1&TemplateParam=%7B%22code%22%3A%221352%22%7D&RegionId=default HTTP/1.1
2020-12-03 16:04:15 DEBUG MainClientExec:260 - Target auth state: UNCHALLENGED
2020-12-03 16:04:15 DEBUG MainClientExec:266 - Proxy auth state: UNCHALLENGED
2020-12-03 16:04:15 DEBUG headers:133 - http-outgoing-0 >> POST /?PhoneNumbers=13347348678&Action=SendSms&Timestamp=2020-12-03T08%3A04%3A15Z&SignName=%E9%8E%B4%E6%88%A0%E6%AE%91%E9%96%AB%E6%B0%AC%E2%96%89%E5%A8%93%E6%96%BF%E5%8F%BF%E9%8D%A6%E3%84%A7%E5%9A%8E%E7%BC%83%E6%88%A0%E7%8F%AF&TemplateCode=SMS_204287611&SignatureVersion=1.0&Format=JSON&SignatureNonce=41f7c7e0-2fb5-4699-a1b5-c00bed9c304a16069826554221&Version=2017-05-25&AccessKeyId=LTAI4GA76zMtgTRZWaExJTda&Signature=hDJFg1PxvtSdx6GRC21S8LLv17I%3D&SignatureMethod=HMAC-SHA1&TemplateParam=%7B%22code%22%3A%221352%22%7D&RegionId=default HTTP/1.1
2020-12-03 16:04:15 DEBUG headers:136 - http-outgoing-0 >> Accept-Encoding: identity
2020-12-03 16:04:15 DEBUG headers:136 - http-outgoing-0 >> x-sdk-invoke-type: common
2020-12-03 16:04:15 DEBUG headers:136 - http-outgoing-0 >> Accept: application/json
2020-12-03 16:04:15 DEBUG headers:136 - http-outgoing-0 >> x-sdk-client: Java/2.0.0
2020-12-03 16:04:15 DEBUG headers:136 - http-outgoing-0 >> User-Agent: AlibabaCloud (Windows 10; amd64) Java/1.8.0_151-b12 Core/4.5.3 HTTPClient/ApacheHttpClient
2020-12-03 16:04:15 DEBUG headers:136 - http-outgoing-0 >> Content-Type: application/x-www-form-urlencoded
2020-12-03 16:04:15 DEBUG headers:136 - http-outgoing-0 >> Host: dysmsapi.aliyuncs.com
2020-12-03 16:04:15 DEBUG headers:136 - http-outgoing-0 >> Connection: Keep-Alive
2020-12-03 16:04:15 DEBUG wire:73 - http-outgoing-0 >> "POST /?PhoneNumbers=13347348678&Action=SendSms&Timestamp=2020-12-03T08%3A04%3A15Z&SignName=%E9%8E%B4%E6%88%A0%E6%AE%91%E9%96%AB%E6%B0%AC%E2%96%89%E5%A8%93%E6%96%BF%E5%8F%BF%E9%8D%A6%E3%84%A7%E5%9A%8E%E7%BC%83%E6%88%A0%E7%8F%AF&TemplateCode=SMS_204287611&SignatureVersion=1.0&Format=JSON&SignatureNonce=41f7c7e0-2fb5-4699-a1b5-c00bed9c304a16069826554221&Version=2017-05-25&AccessKeyId=LTAI4GA76zMtgTRZWaExJTda&Signature=hDJFg1PxvtSdx6GRC21S8LLv17I%3D&SignatureMethod=HMAC-SHA1&TemplateParam=%7B%22code%22%3A%221352%22%7D&RegionId=default HTTP/1.1[\r][\n]"
2020-12-03 16:04:15 DEBUG wire:73 - http-outgoing-0 >> "Accept-Encoding: identity[\r][\n]"
2020-12-03 16:04:15 DEBUG wire:73 - http-outgoing-0 >> "x-sdk-invoke-type: common[\r][\n]"
2020-12-03 16:04:15 DEBUG wire:73 - http-outgoing-0 >> "Accept: application/json[\r][\n]"
2020-12-03 16:04:15 DEBUG wire:73 - http-outgoing-0 >> "x-sdk-client: Java/2.0.0[\r][\n]"
2020-12-03 16:04:15 DEBUG wire:73 - http-outgoing-0 >> "User-Agent: AlibabaCloud (Windows 10; amd64) Java/1.8.0_151-b12 Core/4.5.3 HTTPClient/ApacheHttpClient[\r][\n]"
2020-12-03 16:04:15 DEBUG wire:73 - http-outgoing-0 >> "Content-Type: application/x-www-form-urlencoded[\r][\n]"
2020-12-03 16:04:15 DEBUG wire:73 - http-outgoing-0 >> "Host: dysmsapi.aliyuncs.com[\r][\n]"
2020-12-03 16:04:15 DEBUG wire:73 - http-outgoing-0 >> "Connection: Keep-Alive[\r][\n]"
2020-12-03 16:04:15 DEBUG wire:73 - http-outgoing-0 >> "[\r][\n]"
2020-12-03 16:04:15 DEBUG wire:73 - http-outgoing-0 << "HTTP/1.1 200 OK[\r][\n]"
2020-12-03 16:04:15 DEBUG wire:73 - http-outgoing-0 << "Date: Thu, 03 Dec 2020 08:04:14 GMT[\r][\n]"
2020-12-03 16:04:15 DEBUG wire:73 - http-outgoing-0 << "Content-Type: application/json;charset=utf-8[\r][\n]"
2020-12-03 16:04:15 DEBUG wire:73 - http-outgoing-0 << "Connection: keep-alive[\r][\n]"
2020-12-03 16:04:15 DEBUG wire:73 - http-outgoing-0 << "Access-Control-Allow-Origin: *[\r][\n]"
2020-12-03 16:04:15 DEBUG wire:73 - http-outgoing-0 << "Access-Control-Allow-Methods: POST, GET, OPTIONS[\r][\n]"
2020-12-03 16:04:15 DEBUG wire:73 - http-outgoing-0 << "Access-Control-Allow-Headers: X-Requested-With, X-Sequence, _aop_secret, _aop_signature[\r][\n]"
2020-12-03 16:04:15 DEBUG wire:73 - http-outgoing-0 << "Access-Control-Max-Age: 172800[\r][\n]"
2020-12-03 16:04:15 DEBUG wire:73 - http-outgoing-0 << "x-acs-request-id: 772F3C58-92F0-49CA-92AB-EB8398C1EC5E[\r][\n]"
2020-12-03 16:04:15 DEBUG wire:73 - http-outgoing-0 << "Content-Length: 138[\r][\n]"
2020-12-03 16:04:15 DEBUG wire:73 - http-outgoing-0 << "[\r][\n]"
2020-12-03 16:04:15 DEBUG wire:87 - http-outgoing-0 << "{"RequestId":"772F3C58-92F0-49CA-92AB-EB8398C1EC5E","Message":"[0xe7][0xad][0xbe][0xe5][0x90][0x8d][0xe4][0xb8][0x8d][0xe5][0x90][0x88][0xe6][0xb3][0x95]([0xe4][0xb8][0x8d][0xe5][0xad][0x98][0xe5][0x9c][0xa8][0xe6][0x88][0x96][0xe8][0xa2][0xab][0xe6][0x8b][0x89][0xe9][0xbb][0x91])","Code":"isv.SMS_SIGNATURE_ILLEGAL"}"
2020-12-03 16:04:15 DEBUG headers:122 - http-outgoing-0 << HTTP/1.1 200 OK
2020-12-03 16:04:15 DEBUG headers:125 - http-outgoing-0 << Date: Thu, 03 Dec 2020 08:04:14 GMT
2020-12-03 16:04:15 DEBUG headers:125 - http-outgoing-0 << Content-Type: application/json;charset=utf-8
2020-12-03 16:04:15 DEBUG headers:125 - http-outgoing-0 << Connection: keep-alive
2020-12-03 16:04:15 DEBUG headers:125 - http-outgoing-0 << Access-Control-Allow-Origin: *
2020-12-03 16:04:15 DEBUG headers:125 - http-outgoing-0 << Access-Control-Allow-Methods: POST, GET, OPTIONS
2020-12-03 16:04:15 DEBUG headers:125 - http-outgoing-0 << Access-Control-Allow-Headers: X-Requested-With, X-Sequence, _aop_secret, _aop_signature
2020-12-03 16:04:15 DEBUG headers:125 - http-outgoing-0 << Access-Control-Max-Age: 172800
2020-12-03 16:04:15 DEBUG headers:125 - http-outgoing-0 << x-acs-request-id: 772F3C58-92F0-49CA-92AB-EB8398C1EC5E
2020-12-03 16:04:15 DEBUG headers:125 - http-outgoing-0 << Content-Length: 138
2020-12-03 16:04:15 DEBUG MainClientExec:285 - Connection can be kept alive for 5000 MILLISECONDS
2020-12-03 16:04:15 DEBUG PoolingHttpClientConnectionManager:344 - Connection [id: 0][route: {}->http://dysmsapi.aliyuncs.com:80] can be kept alive for 5.0 seconds
2020-12-03 16:04:15 DEBUG DefaultManagedHttpClientConnection:88 - http-outgoing-0: set socket timeout to 0
2020-12-03 16:04:15 DEBUG PoolingHttpClientConnectionManager:351 - Connection released: [id: 0][route: {}->http://dysmsapi.aliyuncs.com:80][total available: 1; route allocated: 1 of 5; total allocated: 1 of 64]
2020-12-03 16:05:23 DEBUG RequestAddCookies:123 - CookieSpec selected: default
2020-12-03 16:05:23 DEBUG RequestAuthCache:77 - Auth cache not set in the context
2020-12-03 16:05:23 DEBUG PoolingHttpClientConnectionManager:267 - Connection request: [route: {}->http://dysmsapi.aliyuncs.com:80][total available: 0; route allocated: 0 of 5; total allocated: 0 of 64]
2020-12-03 16:05:23 DEBUG PoolingHttpClientConnectionManager:312 - Connection leased: [id: 0][route: {}->http://dysmsapi.aliyuncs.com:80][total available: 0; route allocated: 1 of 5; total allocated: 1 of 64]
2020-12-03 16:05:23 DEBUG MainClientExec:234 - Opening connection {}->http://dysmsapi.aliyuncs.com:80
2020-12-03 16:05:23 DEBUG DefaultHttpClientConnectionOperator:139 - Connecting to dysmsapi.aliyuncs.com/106.11.45.35:80
2020-12-03 16:05:23 DEBUG DefaultHttpClientConnectionOperator:146 - Connection established 192.168.0.102:58307<->106.11.45.35:80
2020-12-03 16:05:23 DEBUG DefaultManagedHttpClientConnection:88 - http-outgoing-0: set socket timeout to 10000
2020-12-03 16:05:23 DEBUG MainClientExec:255 - Executing request POST /?PhoneNumbers=13347348678&Action=SendSms&Timestamp=2020-12-03T08%3A05%3A23Z&SignName=%E9%8E%B4%E6%88%A0%E6%AE%91%E9%96%AB%E6%B0%AC%E2%96%89%E5%A8%93%E6%96%BF%E5%8F%BF%E9%8D%A6%E3%84%A7%E5%9A%8E%E7%BC%83%E6%88%A0%E7%8F%AF&TemplateCode=SMS_204287611&SignatureVersion=1.0&Format=JSON&SignatureNonce=45de20b7-3ccd-48f9-87d2-75e28387f2d316069827237811&Version=2017-05-25&AccessKeyId=LTAI4GA76zMtgTRZWaExJTda&Signature=C1WOcgFcF52W9IkaNU%2F6C11sqvQ%3D&SignatureMethod=HMAC-SHA1&TemplateParam=%7B%22code%22%3A%226453%22%7D&RegionId=default HTTP/1.1
2020-12-03 16:05:23 DEBUG MainClientExec:260 - Target auth state: UNCHALLENGED
2020-12-03 16:05:23 DEBUG MainClientExec:266 - Proxy auth state: UNCHALLENGED
2020-12-03 16:05:23 DEBUG headers:133 - http-outgoing-0 >> POST /?PhoneNumbers=13347348678&Action=SendSms&Timestamp=2020-12-03T08%3A05%3A23Z&SignName=%E9%8E%B4%E6%88%A0%E6%AE%91%E9%96%AB%E6%B0%AC%E2%96%89%E5%A8%93%E6%96%BF%E5%8F%BF%E9%8D%A6%E3%84%A7%E5%9A%8E%E7%BC%83%E6%88%A0%E7%8F%AF&TemplateCode=SMS_204287611&SignatureVersion=1.0&Format=JSON&SignatureNonce=45de20b7-3ccd-48f9-87d2-75e28387f2d316069827237811&Version=2017-05-25&AccessKeyId=LTAI4GA76zMtgTRZWaExJTda&Signature=C1WOcgFcF52W9IkaNU%2F6C11sqvQ%3D&SignatureMethod=HMAC-SHA1&TemplateParam=%7B%22code%22%3A%226453%22%7D&RegionId=default HTTP/1.1
2020-12-03 16:05:23 DEBUG headers:136 - http-outgoing-0 >> Accept-Encoding: identity
2020-12-03 16:05:23 DEBUG headers:136 - http-outgoing-0 >> x-sdk-invoke-type: common
2020-12-03 16:05:23 DEBUG headers:136 - http-outgoing-0 >> Accept: application/json
2020-12-03 16:05:23 DEBUG headers:136 - http-outgoing-0 >> x-sdk-client: Java/2.0.0
2020-12-03 16:05:23 DEBUG headers:136 - http-outgoing-0 >> User-Agent: AlibabaCloud (Windows 10; amd64) Java/1.8.0_151-b12 Core/4.5.3 HTTPClient/ApacheHttpClient
2020-12-03 16:05:23 DEBUG headers:136 - http-outgoing-0 >> Content-Type: application/x-www-form-urlencoded
2020-12-03 16:05:23 DEBUG headers:136 - http-outgoing-0 >> Host: dysmsapi.aliyuncs.com
2020-12-03 16:05:23 DEBUG headers:136 - http-outgoing-0 >> Connection: Keep-Alive
2020-12-03 16:05:23 DEBUG wire:73 - http-outgoing-0 >> "POST /?PhoneNumbers=13347348678&Action=SendSms&Timestamp=2020-12-03T08%3A05%3A23Z&SignName=%E9%8E%B4%E6%88%A0%E6%AE%91%E9%96%AB%E6%B0%AC%E2%96%89%E5%A8%93%E6%96%BF%E5%8F%BF%E9%8D%A6%E3%84%A7%E5%9A%8E%E7%BC%83%E6%88%A0%E7%8F%AF&TemplateCode=SMS_204287611&SignatureVersion=1.0&Format=JSON&SignatureNonce=45de20b7-3ccd-48f9-87d2-75e28387f2d316069827237811&Version=2017-05-25&AccessKeyId=LTAI4GA76zMtgTRZWaExJTda&Signature=C1WOcgFcF52W9IkaNU%2F6C11sqvQ%3D&SignatureMethod=HMAC-SHA1&TemplateParam=%7B%22code%22%3A%226453%22%7D&RegionId=default HTTP/1.1[\r][\n]"
2020-12-03 16:05:23 DEBUG wire:73 - http-outgoing-0 >> "Accept-Encoding: identity[\r][\n]"
2020-12-03 16:05:23 DEBUG wire:73 - http-outgoing-0 >> "x-sdk-invoke-type: common[\r][\n]"
2020-12-03 16:05:23 DEBUG wire:73 - http-outgoing-0 >> "Accept: application/json[\r][\n]"
2020-12-03 16:05:23 DEBUG wire:73 - http-outgoing-0 >> "x-sdk-client: Java/2.0.0[\r][\n]"
2020-12-03 16:05:23 DEBUG wire:73 - http-outgoing-0 >> "User-Agent: AlibabaCloud (Windows 10; amd64) Java/1.8.0_151-b12 Core/4.5.3 HTTPClient/ApacheHttpClient[\r][\n]"
2020-12-03 16:05:23 DEBUG wire:73 - http-outgoing-0 >> "Content-Type: application/x-www-form-urlencoded[\r][\n]"
2020-12-03 16:05:23 DEBUG wire:73 - http-outgoing-0 >> "Host: dysmsapi.aliyuncs.com[\r][\n]"
2020-12-03 16:05:23 DEBUG wire:73 - http-outgoing-0 >> "Connection: Keep-Alive[\r][\n]"
2020-12-03 16:05:23 DEBUG wire:73 - http-outgoing-0 >> "[\r][\n]"
2020-12-03 16:05:24 DEBUG wire:73 - http-outgoing-0 << "HTTP/1.1 200 OK[\r][\n]"
2020-12-03 16:05:24 DEBUG wire:73 - http-outgoing-0 << "Date: Thu, 03 Dec 2020 08:05:22 GMT[\r][\n]"
2020-12-03 16:05:24 DEBUG wire:73 - http-outgoing-0 << "Content-Type: application/json;charset=utf-8[\r][\n]"
2020-12-03 16:05:24 DEBUG wire:73 - http-outgoing-0 << "Connection: keep-alive[\r][\n]"
2020-12-03 16:05:24 DEBUG wire:73 - http-outgoing-0 << "Access-Control-Allow-Origin: *[\r][\n]"
2020-12-03 16:05:24 DEBUG wire:73 - http-outgoing-0 << "Access-Control-Allow-Methods: POST, GET, OPTIONS[\r][\n]"
2020-12-03 16:05:24 DEBUG wire:73 - http-outgoing-0 << "Access-Control-Allow-Headers: X-Requested-With, X-Sequence, _aop_secret, _aop_signature[\r][\n]"
2020-12-03 16:05:24 DEBUG wire:73 - http-outgoing-0 << "Access-Control-Max-Age: 172800[\r][\n]"
2020-12-03 16:05:24 DEBUG wire:73 - http-outgoing-0 << "x-acs-request-id: 84C9F63E-D4D9-443F-8793-D0B1BEB6448C[\r][\n]"
2020-12-03 16:05:24 DEBUG wire:73 - http-outgoing-0 << "Content-Length: 138[\r][\n]"
2020-12-03 16:05:24 DEBUG wire:73 - http-outgoing-0 << "[\r][\n]"
2020-12-03 16:05:24 DEBUG wire:87 - http-outgoing-0 << "{"RequestId":"84C9F63E-D4D9-443F-8793-D0B1BEB6448C","Message":"[0xe7][0xad][0xbe][0xe5][0x90][0x8d][0xe4][0xb8][0x8d][0xe5][0x90][0x88][0xe6][0xb3][0x95]([0xe4][0xb8][0x8d][0xe5][0xad][0x98][0xe5][0x9c][0xa8][0xe6][0x88][0x96][0xe8][0xa2][0xab][0xe6][0x8b][0x89][0xe9][0xbb][0x91])","Code":"isv.SMS_SIGNATURE_ILLEGAL"}"
2020-12-03 16:05:24 DEBUG headers:122 - http-outgoing-0 << HTTP/1.1 200 OK
2020-12-03 16:05:24 DEBUG headers:125 - http-outgoing-0 << Date: Thu, 03 Dec 2020 08:05:22 GMT
2020-12-03 16:05:24 DEBUG headers:125 - http-outgoing-0 << Content-Type: application/json;charset=utf-8
2020-12-03 16:05:24 DEBUG headers:125 - http-outgoing-0 << Connection: keep-alive
2020-12-03 16:05:24 DEBUG headers:125 - http-outgoing-0 << Access-Control-Allow-Origin: *
2020-12-03 16:05:24 DEBUG headers:125 - http-outgoing-0 << Access-Control-Allow-Methods: POST, GET, OPTIONS
2020-12-03 16:05:24 DEBUG headers:125 - http-outgoing-0 << Access-Control-Allow-Headers: X-Requested-With, X-Sequence, _aop_secret, _aop_signature
2020-12-03 16:05:24 DEBUG headers:125 - http-outgoing-0 << Access-Control-Max-Age: 172800
2020-12-03 16:05:24 DEBUG headers:125 - http-outgoing-0 << x-acs-request-id: 84C9F63E-D4D9-443F-8793-D0B1BEB6448C
2020-12-03 16:05:24 DEBUG headers:125 - http-outgoing-0 << Content-Length: 138
2020-12-03 16:05:24 DEBUG MainClientExec:285 - Connection can be kept alive for 5000 MILLISECONDS
2020-12-03 16:05:24 DEBUG PoolingHttpClientConnectionManager:344 - Connection [id: 0][route: {}->http://dysmsapi.aliyuncs.com:80] can be kept alive for 5.0 seconds
2020-12-03 16:05:24 DEBUG DefaultManagedHttpClientConnection:88 - http-outgoing-0: set socket timeout to 0
2020-12-03 16:05:24 DEBUG PoolingHttpClientConnectionManager:351 - Connection released: [id: 0][route: {}->http://dysmsapi.aliyuncs.com:80][total available: 1; route allocated: 1 of 5; total allocated: 1 of 64]
